{
  "meta": {
    "id": "blg",
    "name": "Bolorgir",
    "module": "bolorgir",
    "module_version": "0.1.0",
    "cmd": [
      "python3",
      "-m",
      "maskbench.runner",
      "--multi",
      "--blg",
      "--compact",
      "--output",
      "/home/gm/maskbench-work/runs/full-blg-compact"
    ],
    "info": "11306 files, timeout 900s, memory 40GB, output /home/gm/maskbench-work/runs/full-blg-compact; 20 threads; cmd: python3 -m maskbench.runner --multi --blg --compact --output /home/gm/maskbench-work/runs/full-blg-compact"
  },
  "ttfm_us": 167819,
  "max_ttfm_us": 2501,
  "masks_us": 2247980924,
  "avg_mask_us": 143457,
  "masks_us_under_10ms": 2763313,
  "num_masks_under_10ms": 12189,
  "avg_masks_under_10ms": 226,
  "masks_us_over_10ms": 2245217611,
  "num_masks_over_10ms": 3481,
  "avg_masks_over_10ms": 644992,
  "max_mask_us": 1992204,
  "num_tokens": 15670,
  "num_schemas": 11306,
  "num_crashes_or_timeouts": 0,
  "num_timeouts": 0,
  "num_segv": 0,
  "num_abort": 0,
  "num_schemas_ok": 624,
  "num_compilation_errors": 10682,
  "num_validation_errors": 0,
  "num_invalidation_errors": 0,
  "num_tests": 37011,
  "num_valid_tests": 633,
  "num_invalid_tests": 77
}
{
  "TBM avg": 143457,
  "TBM p25": 27,
  "TBM p50": 125,
  "TBM p75": 1767,
  "TBM p90": 609222,
  "TBM p95": 649598,
  "TBM p99": 1393775,
  "TBM p99.9": 1711274,
  "TBM p100": 1992204,
  "TTFM avg": 268,
  "TTFM p25": 162,
  "TTFM p50": 207,
  "TTFM p75": 269,
  "TTFM p90": 369,
  "TTFM p95": 584,
  "TTFM p99": 1599,
  "TTFM p99.9": 2501,
  "TTFM p100": 2501,
  "tokens": 15670,
  "schemas": 11306,
  "passing": 624,
  "compile error": 10682,
  "segmentation fault": 0,
  "out of memory": 0,
  "timeout": 0,
  "validation error": 0,
  "invalidation error": 0
}
{
  "meta": {
    "id": "llg",
    "name": "LLGuidance",
    "module": "llguidance",
    "module_version": "0.7.10",
    "cmd": [
      "python3",
      "-m",
      "maskbench.runner",
      "--multi",
      "--llg",
      "--compact",
      "--output",
      "/home/gm/maskbench-work/runs/full-llg-compact"
    ],
    "info": "11306 files, timeout 900s, memory 40GB, output /home/gm/maskbench-work/runs/full-llg-compact; 20 threads; cmd: python3 -m maskbench.runner --multi --llg --compact --output /home/gm/maskbench-work/runs/full-llg-compact"
  },
  "ttfm_us": 30774021,
  "max_ttfm_us": 590451,
  "masks_us": 86556261,
  "avg_mask_us": 94,
  "masks_us_under_10ms": 86303938,
  "num_masks_under_10ms": 917747,
  "avg_masks_under_10ms": 94,
  "masks_us_over_10ms": 252323,
  "num_masks_over_10ms": 21,
  "avg_masks_over_10ms": 12015,
  "max_mask_us": 22686,
  "num_tokens": 917768,
  "num_schemas": 11306,
  "num_crashes_or_timeouts": 0,
  "num_timeouts": 0,
  "num_segv": 0,
  "num_abort": 0,
  "num_schemas_ok": 4727,
  "num_compilation_errors": 2377,
  "num_validation_errors": 4202,
  "num_invalidation_errors": 0,
  "num_tests": 37011,
  "num_valid_tests": 5755,
  "num_invalid_tests": 13344
}
{
  "TBM avg": 94,
  "TBM p25": 37,
  "TBM p50": 55,
  "TBM p75": 74,
  "TBM p90": 133,
  "TBM p95": 233,
  "TBM p99": 924,
  "TBM p99.9": 3370,
  "TBM p100": 22686,
  "TTFM avg": 3446,
  "TTFM p25": 1301,
  "TTFM p50": 1790,
  "TTFM p75": 2661,
  "TTFM p90": 5337,
  "TTFM p95": 8998,
  "TTFM p99": 39826,
  "TTFM p99.9": 98661,
  "TTFM p100": 590451,
  "tokens": 917768,
  "schemas": 11306,
  "passing": 4727,
  "compile error": 2377,
  "segmentation fault": 0,
  "out of memory": 0,
  "timeout": 0,
  "validation error": 4202,
  "invalidation error": 0
}
| metric             | LLGuidance |  Bolorgir |
|:-------------------|-----------:|----------:|
| TBM avg            |         94 |   143,457 |
| TBM p25            |         37 |        27 |
| TBM p50            |         55 |       125 |
| TBM p75            |         74 |     1,767 |
| TBM p90            |        133 |   609,222 |
| TBM p95            |        233 |   649,598 |
| TBM p99            |        924 | 1,393,775 |
| TBM p99.9          |      3,370 | 1,711,274 |
| TBM p100           |     22,686 | 1,992,204 |
| TTFM avg           |      3,446 |       268 |
| TTFM p25           |      1,301 |       162 |
| TTFM p50           |      1,790 |       207 |
| TTFM p75           |      2,661 |       269 |
| TTFM p90           |      5,337 |       369 |
| TTFM p95           |      8,998 |       584 |
| TTFM p99           |     39,826 |     1,599 |
| TTFM p99.9         |     98,661 |     2,501 |
| TTFM p100          |    590,451 |     2,501 |
| tokens             |    917,768 |    15,670 |
| schemas            |     11,306 |    11,306 |
| passing            |      4,727 |       624 |
| compile error      |      2,377 |    10,682 |
| segmentation fault |          0 |         0 |
| out of memory      |          0 |         0 |
| timeout            |          0 |         0 |
| validation error   |      4,202 |         0 |
| invalidation error |          0 |         0 |


### Versions

* llguidance: 0.7.10
* bolorgir: 0.1.0

